scale default locals-0 control rep=1/3 timeout=35s
scale default locals-0 candidate rep=1/3 timeout=35s
scale default locals-0 control rep=2/3 timeout=35s
scale default locals-0 candidate rep=2/3 timeout=35s
scale default locals-0 control rep=3/3 timeout=35s
scale default locals-0 candidate rep=3/3 timeout=35s
scale competition locals-0 candidate rep=1/3 timeout=35s
scale competition locals-0 control rep=1/3 timeout=35s
scale competition locals-0 candidate rep=2/3 timeout=35s
scale competition locals-0 control rep=2/3 timeout=35s
scale competition locals-0 candidate rep=3/3 timeout=35s
scale competition locals-0 control rep=3/3 timeout=35s
scale default locals-1 candidate rep=1/3 timeout=35s
scale default locals-1 control rep=1/3 timeout=35s
scale default locals-1 candidate rep=2/3 timeout=35s
scale default locals-1 control rep=2/3 timeout=35s
scale default locals-1 candidate rep=3/3 timeout=35s
scale default locals-1 control rep=3/3 timeout=35s
scale competition locals-1 control rep=1/3 timeout=35s
scale competition locals-1 candidate rep=1/3 timeout=35s
scale competition locals-1 control rep=2/3 timeout=35s
scale competition locals-1 candidate rep=2/3 timeout=35s
scale competition locals-1 control rep=3/3 timeout=35s
scale competition locals-1 candidate rep=3/3 timeout=35s
scale default locals-2 control rep=1/3 timeout=35s
scale default locals-2 candidate rep=1/3 timeout=35s
scale default locals-2 control rep=2/3 timeout=35s
scale default locals-2 candidate rep=2/3 timeout=35s
scale default locals-2 control rep=3/3 timeout=35s
scale default locals-2 candidate rep=3/3 timeout=35s
scale competition locals-2 candidate rep=1/3 timeout=35s
scale competition locals-2 control rep=1/3 timeout=35s
scale competition locals-2 candidate rep=2/3 timeout=35s
scale competition locals-2 control rep=2/3 timeout=35s
scale competition locals-2 candidate rep=3/3 timeout=35s
scale competition locals-2 control rep=3/3 timeout=35s
scale default locals-10 candidate rep=1/3 timeout=35s
scale default locals-10 control rep=1/3 timeout=35s
scale default locals-10 candidate rep=2/3 timeout=35s
scale default locals-10 control rep=2/3 timeout=35s
scale default locals-10 candidate rep=3/3 timeout=35s
scale default locals-10 control rep=3/3 timeout=35s
scale competition locals-10 control rep=1/3 timeout=35s
scale competition locals-10 candidate rep=1/3 timeout=35s
scale competition locals-10 control rep=2/3 timeout=35s
scale competition locals-10 candidate rep=2/3 timeout=35s
scale competition locals-10 control rep=3/3 timeout=35s
scale competition locals-10 candidate rep=3/3 timeout=35s
scale default locals-25 control rep=1/3 timeout=35s
scale default locals-25 candidate rep=1/3 timeout=35s
scale default locals-25 control rep=2/3 timeout=35s
scale default locals-25 candidate rep=2/3 timeout=35s
scale default locals-25 control rep=3/3 timeout=35s
scale default locals-25 candidate rep=3/3 timeout=35s
scale competition locals-25 candidate rep=1/3 timeout=35s
scale competition locals-25 control rep=1/3 timeout=35s
scale competition locals-25 candidate rep=2/3 timeout=35s
scale competition locals-25 control rep=2/3 timeout=35s
scale competition locals-25 candidate rep=3/3 timeout=35s
scale competition locals-25 control rep=3/3 timeout=35s
scale default locals-50 candidate rep=1/3 timeout=35s
scale default locals-50 control rep=1/3 timeout=35s
scale default locals-50 candidate rep=2/3 timeout=35s
scale default locals-50 control rep=2/3 timeout=35s
scale default locals-50 candidate rep=3/3 timeout=35s
scale default locals-50 control rep=3/3 timeout=35s
scale competition locals-50 control rep=1/3 timeout=35s
scale competition locals-50 candidate rep=1/3 timeout=35s
scale competition locals-50 control rep=2/3 timeout=35s
scale competition locals-50 candidate rep=2/3 timeout=35s
scale competition locals-50 control rep=3/3 timeout=35s
scale competition locals-50 candidate rep=3/3 timeout=35s
scale default locals-100 control rep=1/3 timeout=35s
scale default locals-100 candidate rep=1/3 timeout=35s
scale default locals-100 control rep=2/3 timeout=35s
scale default locals-100 candidate rep=2/3 timeout=35s
scale default locals-100 control rep=3/3 timeout=35s
scale default locals-100 candidate rep=3/3 timeout=35s
scale competition locals-100 candidate rep=1/3 timeout=35s
scale competition locals-100 control rep=1/3 timeout=35s
scale competition locals-100 candidate rep=2/3 timeout=35s
scale competition locals-100 control rep=2/3 timeout=35s
scale competition locals-100 candidate rep=3/3 timeout=35s
scale competition locals-100 control rep=3/3 timeout=35s
scale default locals-150 candidate rep=1/3 timeout=35s
scale default locals-150 control rep=1/3 timeout=35s
scale default locals-150 candidate rep=2/3 timeout=35s
scale default locals-150 control rep=2/3 timeout=35s
scale default locals-150 candidate rep=3/3 timeout=35s
scale default locals-150 control rep=3/3 timeout=35s
scale competition locals-150 control rep=1/3 timeout=35s
scale competition locals-150 candidate rep=1/3 timeout=35s
scale competition locals-150 control rep=2/3 timeout=35s
scale competition locals-150 candidate rep=2/3 timeout=35s
scale competition locals-150 control rep=3/3 timeout=35s
scale competition locals-150 candidate rep=3/3 timeout=35s
scale default locals-200 control rep=1/3 timeout=35s
scale default locals-200 candidate rep=1/3 timeout=35s
scale default locals-200 control rep=2/3 timeout=35s
scale default locals-200 candidate rep=2/3 timeout=35s
scale default locals-200 control rep=3/3 timeout=35s
scale default locals-200 candidate rep=3/3 timeout=35s
scale competition locals-200 candidate rep=1/3 timeout=35s
scale competition locals-200 control rep=1/3 timeout=35s
scale competition locals-200 candidate rep=2/3 timeout=35s
scale competition locals-200 control rep=2/3 timeout=35s
scale competition locals-200 candidate rep=3/3 timeout=35s
scale competition locals-200 control rep=3/3 timeout=35s
scale default locals-250 candidate rep=1/3 timeout=35s
scale default locals-250 control rep=1/3 timeout=35s
scale default locals-250 candidate rep=2/3 timeout=35s
scale default locals-250 control rep=2/3 timeout=35s
scale default locals-250 candidate rep=3/3 timeout=35s
scale default locals-250 control rep=3/3 timeout=35s
scale competition locals-250 control rep=1/3 timeout=35s
scale competition locals-250 candidate rep=1/3 timeout=35s
scale competition locals-250 control rep=2/3 timeout=35s
scale competition locals-250 candidate rep=2/3 timeout=35s
scale competition locals-250 control rep=3/3 timeout=35s
scale competition locals-250 candidate rep=3/3 timeout=35s
scale default locals-300 control rep=1/1 timeout=35s
scale default locals-300 candidate rep=1/3 timeout=35s
scale default locals-300 candidate rep=2/3 timeout=35s
scale default locals-300 candidate rep=3/3 timeout=35s
scale competition locals-300 candidate rep=1/3 timeout=35s
scale competition locals-300 control rep=1/1 timeout=35s
scale competition locals-300 candidate rep=2/3 timeout=35s
scale competition locals-300 candidate rep=3/3 timeout=35s
scale default locals-500 candidate rep=1/3 timeout=35s
scale default locals-500 control rep=1/1 timeout=35s
scale default locals-500 candidate rep=2/3 timeout=35s
scale default locals-500 candidate rep=3/3 timeout=35s
scale competition locals-500 control rep=1/1 timeout=35s
scale competition locals-500 candidate rep=1/3 timeout=35s
scale competition locals-500 candidate rep=2/3 timeout=35s
scale competition locals-500 candidate rep=3/3 timeout=35s
scale default eight-kilobyte-string control rep=1/3 timeout=35s
scale default eight-kilobyte-string candidate rep=1/3 timeout=35s
scale default eight-kilobyte-string control rep=2/3 timeout=35s
scale default eight-kilobyte-string candidate rep=2/3 timeout=35s
scale default eight-kilobyte-string control rep=3/3 timeout=35s
scale default eight-kilobyte-string candidate rep=3/3 timeout=35s
scale competition eight-kilobyte-string candidate rep=1/3 timeout=35s
scale competition eight-kilobyte-string control rep=1/3 timeout=35s
scale competition eight-kilobyte-string candidate rep=2/3 timeout=35s
scale competition eight-kilobyte-string control rep=2/3 timeout=35s
scale competition eight-kilobyte-string candidate rep=3/3 timeout=35s
scale competition eight-kilobyte-string control rep=3/3 timeout=35s
scale default eighty-top-level-functions candidate rep=1/3 timeout=35s
scale default eighty-top-level-functions control rep=1/3 timeout=35s
scale default eighty-top-level-functions candidate rep=2/3 timeout=35s
scale default eighty-top-level-functions control rep=2/3 timeout=35s
scale default eighty-top-level-functions candidate rep=3/3 timeout=35s
scale default eighty-top-level-functions control rep=3/3 timeout=35s
scale competition eighty-top-level-functions control rep=1/3 timeout=35s
scale competition eighty-top-level-functions candidate rep=1/3 timeout=35s
scale competition eighty-top-level-functions control rep=2/3 timeout=35s
scale competition eighty-top-level-functions candidate rep=2/3 timeout=35s
scale competition eighty-top-level-functions control rep=3/3 timeout=35s
scale competition eighty-top-level-functions candidate rep=3/3 timeout=35s
scale default four-kilobyte-identifier control rep=1/3 timeout=30s
scale default four-kilobyte-identifier candidate rep=1/3 timeout=30s
scale default four-kilobyte-identifier control rep=2/3 timeout=30s
scale default four-kilobyte-identifier candidate rep=2/3 timeout=30s
scale default four-kilobyte-identifier control rep=3/3 timeout=30s
scale default four-kilobyte-identifier candidate rep=3/3 timeout=30s
scale competition four-kilobyte-identifier candidate rep=1/3 timeout=30s
scale competition four-kilobyte-identifier control rep=1/3 timeout=30s
scale competition four-kilobyte-identifier candidate rep=2/3 timeout=30s
scale competition four-kilobyte-identifier control rep=2/3 timeout=30s
scale competition four-kilobyte-identifier candidate rep=3/3 timeout=30s
scale competition four-kilobyte-identifier control rep=3/3 timeout=30s
scale default ninety-six-nested-blocks candidate rep=1/3 timeout=35s
scale default ninety-six-nested-blocks control rep=1/3 timeout=35s
scale default ninety-six-nested-blocks candidate rep=2/3 timeout=35s
scale default ninety-six-nested-blocks control rep=2/3 timeout=35s
scale default ninety-six-nested-blocks candidate rep=3/3 timeout=35s
scale default ninety-six-nested-blocks control rep=3/3 timeout=35s
scale competition ninety-six-nested-blocks control rep=1/3 timeout=35s
scale competition ninety-six-nested-blocks candidate rep=1/3 timeout=35s
scale competition ninety-six-nested-blocks control rep=2/3 timeout=35s
scale competition ninety-six-nested-blocks candidate rep=2/3 timeout=35s
scale competition ninety-six-nested-blocks control rep=3/3 timeout=35s
scale competition ninety-six-nested-blocks candidate rep=3/3 timeout=35s
scale default sixty-four-nested-comments control rep=1/3 timeout=35s
scale default sixty-four-nested-comments candidate rep=1/3 timeout=35s
scale default sixty-four-nested-comments control rep=2/3 timeout=35s
scale default sixty-four-nested-comments candidate rep=2/3 timeout=35s
scale default sixty-four-nested-comments control rep=3/3 timeout=35s
scale default sixty-four-nested-comments candidate rep=3/3 timeout=35s
scale competition sixty-four-nested-comments candidate rep=1/3 timeout=35s
scale competition sixty-four-nested-comments control rep=1/3 timeout=35s
scale competition sixty-four-nested-comments candidate rep=2/3 timeout=35s
scale competition sixty-four-nested-comments control rep=2/3 timeout=35s
scale competition sixty-four-nested-comments candidate rep=3/3 timeout=35s
scale competition sixty-four-nested-comments control rep=3/3 timeout=35s
scale default three-hundred-element-array candidate rep=1/3 timeout=35s
scale default three-hundred-element-array control rep=1/3 timeout=35s
scale default three-hundred-element-array candidate rep=2/3 timeout=35s
scale default three-hundred-element-array control rep=2/3 timeout=35s
scale default three-hundred-element-array candidate rep=3/3 timeout=35s
scale default three-hundred-element-array control rep=3/3 timeout=35s
scale competition three-hundred-element-array control rep=1/3 timeout=35s
scale competition three-hundred-element-array candidate rep=1/3 timeout=35s
scale competition three-hundred-element-array control rep=2/3 timeout=35s
scale competition three-hundred-element-array candidate rep=2/3 timeout=35s
scale competition three-hundred-element-array control rep=3/3 timeout=35s
scale competition three-hundred-element-array candidate rep=3/3 timeout=35s
scale default two-hundred-crlf-lines control rep=1/3 timeout=35s
scale default two-hundred-crlf-lines candidate rep=1/3 timeout=35s
scale default two-hundred-crlf-lines control rep=2/3 timeout=35s
scale default two-hundred-crlf-lines candidate rep=2/3 timeout=35s
scale default two-hundred-crlf-lines control rep=3/3 timeout=35s
scale default two-hundred-crlf-lines candidate rep=3/3 timeout=35s
scale competition two-hundred-crlf-lines candidate rep=1/3 timeout=35s
scale competition two-hundred-crlf-lines control rep=1/3 timeout=35s
scale competition two-hundred-crlf-lines candidate rep=2/3 timeout=35s
scale competition two-hundred-crlf-lines control rep=2/3 timeout=35s
scale competition two-hundred-crlf-lines candidate rep=3/3 timeout=35s
scale competition two-hundred-crlf-lines control rep=3/3 timeout=35s
scale default late-error-after-250-declarations candidate rep=1/3 timeout=35s
scale default late-error-after-250-declarations control rep=1/3 timeout=35s
scale default late-error-after-250-declarations candidate rep=2/3 timeout=35s
scale default late-error-after-250-declarations control rep=2/3 timeout=35s
scale default late-error-after-250-declarations candidate rep=3/3 timeout=35s
scale default late-error-after-250-declarations control rep=3/3 timeout=35s
scale competition late-error-after-250-declarations control rep=1/3 timeout=35s
scale competition late-error-after-250-declarations candidate rep=1/3 timeout=35s
scale competition late-error-after-250-declarations control rep=2/3 timeout=35s
scale competition late-error-after-250-declarations candidate rep=2/3 timeout=35s
scale competition late-error-after-250-declarations control rep=3/3 timeout=35s
scale competition late-error-after-250-declarations candidate rep=3/3 timeout=35s
raw JSON: /workspace/g4_scale_raw.json
