{
  "manifest": "/workspace/test_cases/comprehensive/manifest.json",
  "manifest_case_count": 373,
  "selected_cases": 364,
  "executed_cases": 364,
  "aborted": false,
  "families": {
    "classes_interfaces": 9,
    "collections": 10,
    "context_api": 19,
    "context_api_negative": 6,
    "control_flow": 9,
    "declaration_matrix": 23,
    "expression_matrix": 4,
    "functions": 8,
    "generated_generic_inheritance": 16,
    "generated_multiline": 16,
    "generated_nested_lambda": 16,
    "generated_overload": 16,
    "generated_scope_isolation": 16,
    "generated_valid_zero_false_positive": 16,
    "incomplete_prefix": 10,
    "lexical": 7,
    "literal_matrix": 8,
    "operator_matrix": 24,
    "prefix_matrix": 29,
    "primitive_matrix": 18,
    "scope": 6,
    "semantic_syntax_guard": 1,
    "statement_matrix": 7,
    "supplemental": 15,
    "supplemental_negative": 12,
    "syntax": 9,
    "syntax_matrix": 20,
    "type_matrix": 6,
    "types_operators": 8
  },
  "grammar_checked": 364,
  "oracle_checked": 219,
  "protocol_modes": 2,
  "protocol_runs": 728,
  "reference_protocol_runs": 0,
  "safe_prefix_runs": 238,
  "reference_safe_prefix_runs": 0,
  "input_edge_runs": 26,
  "reference_input_edge_runs": 0,
  "passed_cases": 364,
  "failed_cases": 0,
  "infrastructure_failures": 0,
  "expectation_policy": "oracle-backed",
  "authoritative_cases": 219,
  "authoritative_executed": 219,
  "authoritative_passed": 219,
  "authoritative_failed": 0,
  "diagnostic_cases": 145,
  "diagnostic_executed": 145,
  "diagnostic_disagreements": 40,
  "scale_cases": 0
}
