Looking in indexes: https://mirrors.cernet.edu.cn/pypi/web/simple
Requirement already satisfied: tiktoken>=0.7.0 in /usr/local/lib/python3.10/dist-packages (from -r requirements.txt (line 1)) (0.13.0)
Collecting lark>=1.1.0
  Downloading https://mirrors.tuna.tsinghua.edu.cn/pypi/web/packages/82/3d/14ce75ef66813643812f3093ab17e46d3a206942ce7376d31ec2d36229e7/lark-1.3.1-py3-none-any.whl (113 kB)
     ━━━━━━━━━━━━━━━━━━━━━━━━━━━━━━━━━━━━━ 113.2/113.2 KB 403.4 kB/s eta 0:00:00
Collecting apache-tvm-ffi>=0.1.9
  Downloading https://mirrors.tuna.tsinghua.edu.cn/pypi/web/packages/ff/d5/0e2b2d24f0af738ac4d5be63bb7de8f1a58ab736a46cecbdaee13933fefc/apache_tvm_ffi-0.1.13.post3-cp310-cp310-manylinux_2_24_aarch64.manylinux_2_28_aarch64.whl (2.8 MB)
     ━━━━━━━━━━━━━━━━━━━━━━━━━━━━━━━━━━━━━━━━ 2.8/2.8 MB 4.0 MB/s eta 0:00:00
Collecting pydantic>=2.0
  Downloading https://mirrors.tuna.tsinghua.edu.cn/pypi/web/packages/fd/7b/122376b1fd3c62c1ed9dc80c931ace4844b3c55407b6fb2d199377c9736f/pydantic-2.13.4-py3-none-any.whl (472 kB)
     ━━━━━━━━━━━━━━━━━━━━━━━━━━━━━━━━━━━━━━ 472.3/472.3 KB 27.1 MB/s eta 0:00:00
Collecting numpy>=1.24
  Downloading https://mirrors.tuna.tsinghua.edu.cn/pypi/web/packages/eb/17/96a3acd228cec142fcb8723bd3cc39c2a474f7dcf0a5d16731980bcafa95/numpy-2.2.6-cp310-cp310-manylinux_2_17_aarch64.manylinux2014_aarch64.whl (14.3 MB)
     ━━━━━━━━━━━━━━━━━━━━━━━━━━━━━━━━━━━━━━━━ 14.3/14.3 MB 16.3 MB/s eta 0:00:00
Collecting typing-extensions>=4.9.0
  Downloading https://mirrors.tuna.tsinghua.edu.cn/pypi/web/packages/49/d3/b8441a820a491ddfc024b0b0cf0393375b75ea13866d9c66727e54c2fc80/typing_extensions-4.16.0-py3-none-any.whl (45 kB)
     ━━━━━━━━━━━━━━━━━━━━━━━━━━━━━━━━━━━━━━━━ 45.6/45.6 KB 12.4 MB/s eta 0:00:00
Requirement already satisfied: requests in /usr/local/lib/python3.10/dist-packages (from tiktoken>=0.7.0->-r requirements.txt (line 1)) (2.34.2)
Requirement already satisfied: regex in /usr/local/lib/python3.10/dist-packages (from tiktoken>=0.7.0->-r requirements.txt (line 1)) (2026.5.9)
Collecting annotated-types>=0.6.0
  Downloading https://mirrors.tuna.tsinghua.edu.cn/pypi/web/packages/99/91/8acff4f5e50511b911bbccb72b8628a49c68ce14148cd9f6431094859a90/annotated_types-0.8.0-py3-none-any.whl (13 kB)
Collecting pydantic-core==2.46.4
  Downloading https://mirrors.tuna.tsinghua.edu.cn/pypi/web/packages/64/ba/bfb1d928fd5b49e1258935ff104ae356e9fd89384a55bf9f847e9193ad40/pydantic_core-2.46.4-cp310-cp310-manylinux_2_17_aarch64.manylinux2014_aarch64.whl (2.0 MB)
     ━━━━━━━━━━━━━━━━━━━━━━━━━━━━━━━━━━━━━━━━ 2.0/2.0 MB 9.3 MB/s eta 0:00:00
Collecting typing-inspection>=0.4.2
  Downloading https://mirrors.tuna.tsinghua.edu.cn/pypi/web/packages/67/81/4add07e5172b7ac40d8ed5ff580409a7801a4fe26d529bdd915401dabfbe/typing_inspection-0.4.4-py3-none-any.whl (14 kB)
Requirement already satisfied: charset_normalizer<4,>=2 in /usr/local/lib/python3.10/dist-packages (from requests->tiktoken>=0.7.0->-r requirements.txt (line 1)) (3.4.7)
Requirement already satisfied: urllib3<3,>=1.26 in /usr/local/lib/python3.10/dist-packages (from requests->tiktoken>=0.7.0->-r requirements.txt (line 1)) (2.7.0)
Requirement already satisfied: idna<4,>=2.5 in /usr/local/lib/python3.10/dist-packages (from requests->tiktoken>=0.7.0->-r requirements.txt (line 1)) (3.18)
Requirement already satisfied: certifi>=2023.5.7 in /usr/local/lib/python3.10/dist-packages (from requests->tiktoken>=0.7.0->-r requirements.txt (line 1)) (2026.5.20)
Installing collected packages: typing-extensions, numpy, lark, annotated-types, typing-inspection, pydantic-core, apache-tvm-ffi, pydantic
Successfully installed annotated-types-0.8.0 apache-tvm-ffi-0.1.13.post3 lark-1.3.1 numpy-2.2.6 pydantic-2.13.4 pydantic-core-2.46.4 typing-extensions-4.16.0 typing-inspection-0.4.4
